≡ƒöì Starting MongoDB Diagnostic...

≡ƒôï Connection String (masked):
mongodb://study-support:***@ac-crqplx7-shard-00-00.ktp5smc.mongodb.net:27017,ac-crqplx7-shard-00-01.ktp5smc.mongodb.net:27017,ac-crqplx7-shard-00-02.ktp5smc.mongodb.net:27017/study-support-db?ssl=true&authSource=admin&replicaSet=atlas-ykz8uq-shard-0&retryWrites=true&w=majority&appName=Cluster0


≡ƒîÉ Testing DNS resolution for: ac-crqplx7-shard-00-00.ktp5smc.mongodb.net
node : Γ¥î DNS resolution 
failed: queryA 
ECONNREFUSED ac-crqplx7-sh
ard-00-00.ktp5smc.mongodb.
net
At line:1 char:1
+ node test-mongo.js > 
test-output.txt 2>&1
+ ~~~~~~~~~~~~~~~~~~~~~~~~
~~~~~~~~~~~~~~~~~
    + CategoryInfo        
      : NotSpecified: (Γ  
  ¥î DNS resolut...smc.   
 mongodb.net:String) [    
], RemoteException
    + FullyQualifiedError 
   Id : NativeCommandErr  
  or
 
≡ƒÆí This could be a 
network/firewall issue

